234 points, 0 done, 234 to run
[1/234] [[18,4,4]] BB|p=0.001|r=1|T_rt|k=1|rounds=0 ler=8.367e-02 (251/3000) 1026.05s
[2/234] [[18,4,4]] BB|p=0.001|r=10|T_rt|k=1|rounds=0 ler=9.033e-02 (271/3000) 1152.78s
[3/234] [[18,4,4]] BB|p=0.001|r=1|T|k=2|rounds=0 ler=6.242e-02 (202/3236) 920.77s
[4/234] [[18,4,4]] BB|p=0.001|r=10|T|k=2|rounds=0 ler=7.400e-02 (222/3000) 1091.88s
[5/234] SC7|p=0.001|r=1|T|k=2|rounds=0 ler=1.933e-04 (29/150000) 2790.41s
[6/234] SC7|p=0.001|r=1|T|k=1|rounds=0 ler=2.200e-04 (33/150000) 952.67s
[7/234] [[18,4,4]] BB|p=0.001|r=1|T|k=1|rounds=0 ler=5.170e-02 (225/4352) 295.04s
[8/234] [[18,4,4]] BB|p=0.001|r=10|T|k=1|rounds=0 ler=5.938e-02 (233/3924) 300.62s
[9/234] SC7|p=0.001|r=10|T|k=2|rounds=0 ler=5.067e-04 (76/150000) 3269.6s
[10/234] SC7|p=0.001|r=10|T|k=1|rounds=0 ler=3.933e-04 (59/150000) 1093.99s
[11/234] SC5|p=0.001|r=30|T_rt|k=1|rounds=0 ler=9.933e-03 (202/20336) 289.65s
[12/234] SC5|p=0.001|r=10|T_rt|k=1|rounds=0 ler=3.523e-03 (209/59320) 526.19s
[13/234] SC5|p=0.001|r=3|T_rt|k=1|rounds=0 ler=2.170e-03 (205/94473) 697.2s
[14/234] SC5|p=0.001|r=1|T_rt|k=1|rounds=0 ler=1.708e-03 (214/125314) 848.19s
[15/234] SC5|p=0.002|r=1|T_rt|k=1|rounds=0 ler=1.374e-02 (230/16742) 462.76s
[16/234] SC5|p=0.002|r=30|T_rt|k=1|rounds=0 ler=6.072e-02 (207/3409) 222.83s
[17/234] SC5|p=0.002|r=10|T_rt|k=1|rounds=0 ler=2.392e-02 (203/8488) 318.07s
[18/234] SC5|p=0.002|r=3|T_rt|k=1|rounds=0 ler=1.467e-02 (265/18061) 550.06s
[19/234] SC5|p=0.001|r=30|R|k=4|rounds=0 ler=1.332e-02 (261/19600) 267.3s
[20/234] SC5|p=0.001|r=10|R|k=4|rounds=0 ler=2.524e-03 (202/80042) 680.3s
[21/234] SC5|p=0.001|r=3|R|k=4|rounds=0 ler=1.478e-03 (216/146130) 968.79s
[22/234] SC5|p=0.001|r=1|R|k=4|rounds=0 ler=1.049e-03 (201/191657) 1197.61s
[23/234] SC5|p=0.002|r=3|R|k=4|rounds=0 ler=1.085e-02 (204/18796) 576.56s
[24/234] SC5|p=0.002|r=30|R|k=4|rounds=0 ler=8.100e-02 (243/3000) 257.6s
[25/234] SC5|p=0.002|r=10|R|k=4|rounds=0 ler=1.977e-02 (218/11028) 445.29s
[26/234] [[18,4,4]] BB|p=0.001|r=1|R|k=2|rounds=0 ler=3.603e-02 (289/8021) 194.42s
[27/234] [[18,4,4]] BB|p=0.001|r=10|R|k=2|rounds=0 ler=4.739e-02 (223/4706) 141.09s
[28/234] SC5|p=0.002|r=1|R|k=4|rounds=0 ler=8.581e-03 (371/43236) 1191.21s
[29/234] SC5|p=0.001|r=30|T|k=2|rounds=0 ler=5.352e-03 (203/37930) 333.13s
[30/234] SC5|p=0.001|r=10|T|k=2|rounds=0 ler=1.980e-03 (202/102000) 710.3s
[31/234] SC5|p=0.001|r=1|T|k=2|rounds=0 ler=1.307e-03 (201/153842) 935.21s
[32/234] SC5|p=0.001|r=3|T|k=2|rounds=0 ler=1.479e-03 (208/140652) 875.76s
[33/234] SC5|p=0.002|r=1|T|k=2|rounds=0 ler=1.020e-02 (229/22457) 539.78s
[34/234] SC5|p=0.002|r=30|T|k=2|rounds=0 ler=3.418e-02 (208/6086) 268.0s
[35/234] SC5|p=0.002|r=3|T|k=2|rounds=0 ler=9.820e-03 (201/20469) 524.55s
[36/234] [[18,4,4]] BB|p=0.001|r=1|R|k=1|rounds=0 ler=2.491e-02 (202/8110) 40.67s
[37/234] [[18,4,4]] BB|p=0.001|r=10|R|k=1|rounds=0 ler=3.020e-02 (218/7219) 44.0s
[38/234] SC5|p=0.002|r=10|T|k=2|rounds=0 ler=1.332e-02 (223/16742) 510.64s
[39/234] SC7|p=0.001|r=1|R|k=2|rounds=0 ler=8.000e-05 (16/200000) 620.13s
[40/234] SC5|p=0.001|r=3|T|k=1|rounds=0 ler=1.322e-03 (201/152000) 332.17s
[41/234] SC5|p=0.001|r=1|T|k=1|rounds=0 ler=1.077e-03 (204/189359) 395.52s
[42/234] SC5|p=0.001|r=30|T|k=1|rounds=0 ler=5.357e-03 (208/38829) 119.18s
[43/234] SC5|p=0.002|r=1|T|k=1|rounds=0 ler=8.839e-03 (207/23418) 143.96s
[44/234] SC5|p=0.001|r=10|T|k=1|rounds=0 ler=1.750e-03 (201/114848) 276.84s
[45/234] SC5|p=0.002|r=30|T|k=1|rounds=0 ler=3.553e-02 (226/6360) 75.54s
[46/234] SC7|p=0.001|r=10|R|k=2|rounds=0 ler=2.900e-04 (58/200000) 839.92s
[47/234] SC5|p=0.002|r=3|T|k=1|rounds=0 ler=9.335e-03 (295/31600) 209.71s
[48/234] SC5|p=0.002|r=10|T|k=1|rounds=0 ler=1.235e-02 (205/16600) 130.94s
[49/234] SC5|p=0.001|r=30|R|k=2|rounds=0 ler=6.303e-03 (202/32047) 73.19s
[50/234] SC5|p=0.001|r=10|R|k=2|rounds=0 ler=1.545e-03 (202/130711) 185.31s
[51/234] SC5|p=0.002|r=1|R|k=2|rounds=0 ler=5.435e-03 (235/43236) 121.23s
[52/234] SC5|p=0.001|r=3|R|k=2|rounds=0 ler=8.498e-04 (208/244776) 278.03s
[53/234] SC5|p=0.002|r=10|R|k=2|rounds=0 ler=1.025e-02 (207/20201) 80.19s
[54/234] SC5|p=0.001|r=1|R|k=2|rounds=0 ler=7.295e-04 (207/283743) 304.4s
[55/234] SC5|p=0.002|r=30|R|k=2|rounds=0 ler=4.073e-02 (267/6556) 40.94s
[56/234] SC5|p=0.002|r=3|R|k=2|rounds=0 ler=6.944e-03 (275/39600) 122.11s
[57/234] SC7|p=0.001|r=1|MEM|k=0|rounds=0 ler=1.667e-05 (5/300000) 40.47s
[58/234] SC7|p=0.001|r=10|MEM|k=0|rounds=0 ler=2.333e-05 (7/300000) 40.87s
[59/234] SC7|p=0.001|r=1|R|k=1|rounds=0 ler=6.500e-05 (13/200000) 155.41s
[60/234] SC7|p=0.001|r=10|R|k=1|rounds=0 ler=1.400e-04 (28/200000) 191.12s
[61/234] SC7|p=0.001|r=1|MEM|k=0|rounds=12 ler=7.000e-05 (21/300000) 299.39s
[62/234] SC7|p=0.001|r=10|MEM|k=0|rounds=12 ler=6.667e-05 (20/300000) 302.04s
[63/234] SC3|p=0.001|r=1|T|k=8|rounds=0 ler=1.894e-02 (512/27028) 496.48s
[64/234] SC3|p=0.001|r=3|T|k=8|rounds=0 ler=1.867e-02 (452/24215) 477.39s
[65/234] SC3|p=0.001|r=30|T|k=8|rounds=0 ler=3.075e-02 (488/15871) 426.49s
[66/234] SC3|p=0.001|r=10|T|k=8|rounds=0 ler=2.121e-02 (465/21925) 475.64s
[67/234] SC3|p=0.002|r=30|T|k=8|rounds=0 ler=1.018e-01 (416/4085) 468.05s
[68/234] SC3|p=0.002|r=1|T|k=8|rounds=0 ler=7.087e-02 (491/6928) 617.13s
[69/234] SC3|p=0.002|r=3|T|k=8|rounds=0 ler=7.585e-02 (505/6658) 589.2s
[70/234] SC3|p=0.002|r=10|T|k=8|rounds=0 ler=8.313e-02 (475/5714) 607.91s
[71/234] SC3|p=0.003|r=1|T|k=8|rounds=0 ler=1.470e-01 (441/3000) 701.5s
[72/234] [[18,4,4]] BB|p=0.001|r=1|MEM|k=0|rounds=0 ler=1.363e-02 (306/22457) 9.36s
[73/234] [[18,4,4]] BB|p=0.001|r=1|MEM|k=0|rounds=12 ler=5.714e-02 (222/3885) 8.38s
[74/234] [[18,4,4]] BB|p=0.001|r=10|MEM|k=0|rounds=0 ler=1.436e-02 (294/20469) 8.63s
[75/234] [[18,4,4]] BB|p=0.001|r=10|MEM|k=0|rounds=12 ler=5.454e-02 (214/3924) 8.27s
[76/234] SC3|p=0.003|r=30|T|k=8|rounds=0 ler=2.065e-01 (413/2000) 653.72s
[77/234] SC3|p=0.001|r=1|T_rt|k=2|rounds=0 ler=1.345e-02 (674/50126) 64.33s
[78/234] SC3|p=0.001|r=3|T_rt|k=2|rounds=0 ler=1.368e-02 (520/38000) 49.38s
[79/234] SC3|p=0.001|r=10|T_rt|k=2|rounds=0 ler=1.750e-02 (593/33885) 54.96s
[80/234] SC3|p=0.003|r=3|T|k=8|rounds=0 ler=1.520e-01 (456/3000) 794.56s
[81/234] SC3|p=0.001|r=30|T_rt|k=2|rounds=0 ler=2.960e-02 (568/19191) 40.08s
[82/234] SC3|p=0.002|r=3|T_rt|k=2|rounds=0 ler=5.321e-02 (419/7875) 30.5s
[83/234] SC3|p=0.002|r=1|T_rt|k=2|rounds=0 ler=4.905e-02 (456/9296) 35.42s
[84/234] SC3|p=0.003|r=10|T|k=8|rounds=0 ler=1.570e-01 (471/3000) 826.95s
[85/234] SC3|p=0.002|r=10|T_rt|k=2|rounds=0 ler=5.842e-02 (444/7600) 35.16s
[86/234] SC3|p=0.002|r=30|T_rt|k=2|rounds=0 ler=1.130e-01 (450/3983) 27.81s
[87/234] SC3|p=0.003|r=1|T_rt|k=2|rounds=0 ler=1.108e-01 (410/3702) 29.83s
[88/234] SC3|p=0.003|r=10|T_rt|k=2|rounds=0 ler=1.323e-01 (414/3129) 33.14s
[89/234] SC3|p=0.003|r=3|T_rt|k=2|rounds=0 ler=1.138e-01 (451/3963) 42.99s
[90/234] SC3|p=0.003|r=30|T_rt|k=2|rounds=0 ler=1.987e-01 (596/3000) 45.9s
[91/234] SC5|p=0.001|r=30|R|k=1|rounds=0 ler=3.177e-03 (202/63582) 31.43s
[92/234] SC5|p=0.001|r=10|R|k=1|rounds=0 ler=9.057e-04 (206/227445) 77.35s
[93/234] SC5|p=0.002|r=1|R|k=1|rounds=0 ler=4.058e-03 (211/52000) 32.05s
[94/234] SC5|p=0.002|r=3|R|k=1|rounds=0 ler=3.668e-03 (206/56163) 36.45s
[95/234] SC5|p=0.002|r=10|R|k=1|rounds=0 ler=5.666e-03 (208/36711) 28.15s
[96/234] SC5|p=0.001|r=1|R|k=1|rounds=0 ler=4.087e-04 (204/499165) 139.93s
[97/234] SC5|p=0.002|r=30|R|k=1|rounds=0 ler=2.360e-02 (248/10509) 12.37s
[98/234] SC5|p=0.001|r=3|R|k=1|rounds=0 ler=4.243e-04 (207/487847) 142.71s
[99/234] SC3|p=0.001|r=10|T|k=4|rounds=0 ler=1.523e-02 (400/26266) 62.23s
[100/234] SC3|p=0.001|r=30|T|k=4|rounds=0 ler=2.252e-02 (461/20469) 60.3s
[101/234] SC3|p=0.001|r=1|T|k=4|rounds=0 ler=1.291e-02 (585/45314) 99.19s
[102/234] SC3|p=0.001|r=3|T|k=4|rounds=0 ler=1.307e-02 (655/50126) 112.07s
[103/234] SC3|p=0.002|r=1|T|k=4|rounds=0 ler=4.707e-02 (433/9200) 66.59s
[104/234] SC3|p=0.002|r=10|T|k=4|rounds=0 ler=5.524e-02 (441/7984) 70.08s
[105/234] SC3|p=0.002|r=30|T|k=4|rounds=0 ler=8.441e-02 (424/5023) 54.11s
[106/234] SC3|p=0.002|r=3|T|k=4|rounds=0 ler=4.552e-02 (528/11600) 90.3s
[107/234] SC3|p=0.003|r=1|T|k=4|rounds=0 ler=9.731e-02 (466/4789) 91.62s
[108/234] SC3|p=0.003|r=3|T|k=4|rounds=0 ler=1.072e-01 (447/4171) 86.06s
[109/234] SC5|p=0.001|r=1|MEM|k=0|rounds=0 ler=2.060e-04 (103/500000) 25.8s
[110/234] SC3|p=0.003|r=10|T|k=4|rounds=0 ler=1.177e-01 (438/3720) 92.35s
[111/234] SC3|p=0.003|r=30|T|k=4|rounds=0 ler=1.457e-01 (437/3000) 97.52s
[112/234] SC5|p=0.001|r=3|MEM|k=0|rounds=0 ler=1.940e-04 (97/500000) 26.25s
[113/234] SC5|p=0.001|r=10|MEM|k=0|rounds=0 ler=1.620e-04 (81/500000) 25.88s
[114/234] SC5|p=0.001|r=1|MEM|k=0|rounds=12 ler=9.234e-04 (206/223078) 66.73s
[115/234] SC5|p=0.001|r=30|MEM|k=0|rounds=0 ler=2.260e-04 (113/500000) 26.34s
[116/234] SC5|p=0.002|r=1|MEM|k=0|rounds=0 ler=1.545e-03 (203/131357) 12.17s
[117/234] SC5|p=0.001|r=3|MEM|k=0|rounds=12 ler=8.656e-04 (209/241460) 74.23s
[118/234] SC5|p=0.002|r=3|MEM|k=0|rounds=0 ler=1.552e-03 (206/132712) 12.46s
[119/234] SC5|p=0.002|r=1|MEM|k=0|rounds=12 ler=7.422e-03 (222/29911) 17.74s
[120/234] SC5|p=0.001|r=10|MEM|k=0|rounds=12 ler=8.506e-04 (204/239831) 71.59s
[121/234] SC5|p=0.002|r=10|MEM|k=0|rounds=0 ler=1.668e-03 (201/120485) 11.27s
[122/234] SC5|p=0.002|r=3|MEM|k=0|rounds=12 ler=6.581e-03 (223/33885) 19.76s
[123/234] SC5|p=0.002|r=10|MEM|k=0|rounds=12 ler=7.378e-03 (250/33885) 19.96s
[124/234] SC5|p=0.002|r=30|MEM|k=0|rounds=0 ler=1.486e-03 (209/140652) 12.7s
[125/234] SC5|p=0.001|r=30|MEM|k=0|rounds=12 ler=9.144e-04 (200/218726) 65.01s
[126/234] SC5|p=0.002|r=30|MEM|k=0|rounds=12 ler=6.269e-03 (326/52000) 30.11s
[127/234] SC3|p=0.001|r=1|T_rt|k=1|rounds=0 ler=1.167e-02 (462/39600) 26.29s
[128/234] SC3|p=0.001|r=3|T_rt|k=1|rounds=0 ler=1.149e-02 (547/47600) 33.54s
[129/234] SC3|p=0.001|r=10|T_rt|k=1|rounds=0 ler=1.453e-02 (417/28690) 23.2s
[130/234] SC3|p=0.001|r=3|R|k=8|rounds=0 ler=2.138e-02 (402/18800) 134.94s
[131/234] SC3|p=0.001|r=30|T_rt|k=1|rounds=0 ler=2.786e-02 (458/16442) 17.6s
[132/234] SC3|p=0.001|r=10|R|k=8|rounds=0 ler=3.234e-02 (496/15337) 137.25s
[133/234] SC3|p=0.001|r=30|R|k=8|rounds=0 ler=7.400e-02 (444/6000) 84.82s
[134/234] SC3|p=0.002|r=1|T_rt|k=1|rounds=0 ler=4.355e-02 (437/10034) 16.94s
[135/234] SC3|p=0.002|r=3|T_rt|k=1|rounds=0 ler=4.452e-02 (485/10894) 19.29s
[136/234] SC3|p=0.001|r=1|R|k=8|rounds=0 ler=1.763e-02 (644/36523) 253.76s
[137/234] SC3|p=0.002|r=10|T_rt|k=1|rounds=0 ler=5.934e-02 (447/7533) 15.19s
[138/234] SC3|p=0.002|r=1|R|k=8|rounds=0 ler=7.138e-02 (444/6220) 164.89s
[139/234] SC3|p=0.002|r=30|T_rt|k=1|rounds=0 ler=1.082e-01 (431/3983) 12.13s
[140/234] SC3|p=0.002|r=10|R|k=8|rounds=0 ler=1.101e-01 (432/3924) 158.13s
[141/234] SC3|p=0.002|r=3|R|k=8|rounds=0 ler=7.790e-02 (503/6457) 202.17s
[142/234] SC3|p=0.003|r=1|T_rt|k=1|rounds=0 ler=8.831e-02 (433/4903) 15.84s
[143/234] SC3|p=0.003|r=3|T_rt|k=1|rounds=0 ler=1.039e-01 (431/4149) 14.79s
[144/234] SC3|p=0.002|r=30|R|k=8|rounds=0 ler=2.185e-01 (437/2000) 134.74s
[145/234] SC3|p=0.003|r=10|T_rt|k=1|rounds=0 ler=1.092e-01 (416/3810) 14.9s
[146/234] SC3|p=0.003|r=1|R|k=8|rounds=0 ler=1.420e-01 (426/3000) 217.58s
[147/234] SC3|p=0.003|r=30|T_rt|k=1|rounds=0 ler=1.880e-01 (564/3000) 18.22s
[148/234] SC3|p=0.003|r=10|R|k=8|rounds=0 ler=2.200e-01 (440/2000) 203.02s
[149/234] SC3|p=0.001|r=1|T|k=2|rounds=0 ler=9.048e-03 (410/45314) 27.79s
[150/234] SC3|p=0.003|r=3|R|k=8|rounds=0 ler=1.513e-01 (454/3000) 236.01s
[151/234] SC3|p=0.001|r=3|T|k=2|rounds=0 ler=8.827e-03 (400/45314) 28.82s
[152/234] SC3|p=0.001|r=30|T|k=2|rounds=0 ler=1.803e-02 (611/33885) 26.82s
[153/234] SC3|p=0.001|r=10|T|k=2|rounds=0 ler=1.115e-02 (580/52000) 35.37s
[154/234] SC3|p=0.002|r=1|T|k=2|rounds=0 ler=3.452e-02 (434/12572) 18.86s
[155/234] SC3|p=0.002|r=3|T|k=2|rounds=0 ler=3.494e-02 (411/11762) 17.91s
[156/234] SC3|p=0.002|r=30|T|k=2|rounds=0 ler=6.630e-02 (452/6818) 15.97s
[157/234] SC3|p=0.002|r=10|T|k=2|rounds=0 ler=4.630e-02 (435/9395) 17.11s
[158/234] SC3|p=0.003|r=1|T|k=2|rounds=0 ler=7.347e-02 (457/6220) 18.4s
[159/234] SC3|p=0.003|r=10|T|k=2|rounds=0 ler=8.599e-02 (440/5117) 18.86s
[160/234] SC3|p=0.003|r=3|T|k=2|rounds=0 ler=7.644e-02 (479/6266) 20.1s
[161/234] SC3|p=0.003|r=30|T|k=2|rounds=0 ler=1.390e-01 (417/3000) 14.14s
[162/234] SC3|p=0.001|r=1|R|k=4|rounds=0 ler=9.532e-03 (400/41965) 27.42s
[163/234] SC3|p=0.001|r=10|R|k=4|rounds=0 ler=1.621e-02 (465/28690) 23.56s
[164/234] SC3|p=0.001|r=3|R|k=4|rounds=0 ler=1.156e-02 (478/41339) 30.8s
[165/234] SC3|p=0.001|r=30|R|k=4|rounds=0 ler=3.812e-02 (460/12067) 15.77s
[166/234] SC3|p=0.002|r=3|R|k=4|rounds=0 ler=4.373e-02 (446/10200) 18.65s
[167/234] SC3|p=0.002|r=1|R|k=4|rounds=0 ler=3.626e-02 (505/13928) 24.74s
[168/234] SC3|p=0.002|r=30|R|k=4|rounds=0 ler=1.348e-01 (440/3264) 12.3s
[169/234] SC3|p=0.002|r=10|R|k=4|rounds=0 ler=5.796e-02 (517/8920) 19.95s
[170/234] SC3|p=0.003|r=1|R|k=4|rounds=0 ler=8.480e-02 (478/5637) 19.7s
[171/234] SC3|p=0.003|r=10|R|k=4|rounds=0 ler=1.220e-01 (433/3550) 18.03s
[172/234] SC3|p=0.003|r=3|R|k=4|rounds=0 ler=8.979e-02 (451/5023) 19.91s
[173/234] SC3|p=0.003|r=30|R|k=4|rounds=0 ler=2.320e-01 (464/2000) 17.78s
[174/234] SC3|p=0.001|r=1|T|k=1|rounds=0 ler=7.440e-03 (405/54436) 13.31s
[175/234] SC3|p=0.001|r=3|T|k=1|rounds=0 ler=7.865e-03 (409/52000) 12.94s
[176/234] SC3|p=0.001|r=30|T|k=1|rounds=0 ler=1.748e-02 (459/26266) 8.47s
[177/234] SC3|p=0.002|r=1|T|k=1|rounds=0 ler=3.013e-02 (470/15600) 8.17s
[178/234] SC3|p=0.001|r=10|T|k=1|rounds=0 ler=9.212e-03 (479/52000) 14.28s
[179/234] SC3|p=0.002|r=30|T|k=1|rounds=0 ler=6.272e-02 (431/6872) 5.28s
[180/234] SC3|p=0.002|r=3|T|k=1|rounds=0 ler=2.999e-02 (476/15871) 8.94s
[181/234] SC3|p=0.002|r=10|T|k=1|rounds=0 ler=3.511e-02 (521/14838) 8.81s
[182/234] SC3|p=0.003|r=1|T|k=1|rounds=0 ler=6.071e-02 (431/7099) 6.41s
[183/234] SC3|p=0.003|r=3|T|k=1|rounds=0 ler=6.723e-02 (462/6872) 6.86s
[184/234] SC3|p=0.003|r=10|T|k=1|rounds=0 ler=6.841e-02 (452/6607) 6.9s
[185/234] SC3|p=0.003|r=30|T|k=1|rounds=0 ler=1.110e-01 (407/3667) 5.19s
[186/234] SC3|p=0.001|r=3|R|k=2|rounds=0 ler=7.056e-03 (405/57399) 8.56s
[187/234] SC3|p=0.001|r=1|R|k=2|rounds=0 ler=5.843e-03 (427/73078) 10.52s
[188/234] SC3|p=0.001|r=10|R|k=2|rounds=0 ler=9.644e-03 (437/45314) 7.98s
[189/234] SC3|p=0.001|r=30|R|k=2|rounds=0 ler=2.047e-02 (471/23014) 6.11s
[190/234] SC3|p=0.002|r=1|R|k=2|rounds=0 ler=2.255e-02 (400/17742) 4.89s
[191/234] SC3|p=0.002|r=3|R|k=2|rounds=0 ler=2.503e-02 (452/18061) 5.72s
[192/234] SC3|p=0.002|r=30|R|k=2|rounds=0 ler=6.695e-02 (429/6408) 3.31s
[193/234] SC3|p=0.002|r=10|R|k=2|rounds=0 ler=3.542e-02 (501/14145) 5.55s
[194/234] SC3|p=0.003|r=1|R|k=2|rounds=0 ler=4.829e-02 (553/11451) 5.44s
[195/234] SC3|p=0.003|r=3|R|k=2|rounds=0 ler=4.796e-02 (504/10509) 5.23s
[196/234] SC3|p=0.003|r=10|R|k=2|rounds=0 ler=7.168e-02 (427/5957) 3.48s
[197/234] SC3|p=0.003|r=30|R|k=2|rounds=0 ler=1.410e-01 (423/3000) 2.48s
[198/234] SC3|p=0.001|r=1|R|k=1|rounds=0 ler=4.039e-03 (412/102000) 4.39s
[199/234] SC3|p=0.001|r=3|R|k=1|rounds=0 ler=4.583e-03 (425/92740) 4.18s
[200/234] SC3|p=0.001|r=10|R|k=1|rounds=0 ler=5.527e-03 (407/73640) 3.77s
[201/234] SC3|p=0.001|r=30|R|k=1|rounds=0 ler=1.215e-02 (481/39600) 2.84s
[202/234] SC3|p=0.002|r=1|R|k=1|rounds=0 ler=1.510e-02 (598/39600) 3.41s
[203/234] SC3|p=0.002|r=3|R|k=1|rounds=0 ler=1.547e-02 (458/29599) 2.6s
[204/234] SC3|p=0.002|r=10|R|k=1|rounds=0 ler=2.279e-02 (477/20933) 1.99s
[205/234] SC3|p=0.002|r=30|R|k=1|rounds=0 ler=4.161e-02 (489/11751) 1.54s
[206/234] SC3|p=0.003|r=1|R|k=1|rounds=0 ler=3.487e-02 (451/12933) 1.55s
[207/234] SC3|p=0.003|r=10|R|k=1|rounds=0 ler=4.619e-02 (434/9395) 1.4s
[208/234] SC3|p=0.003|r=3|R|k=1|rounds=0 ler=3.372e-02 (526/15600) 1.99s
[209/234] SC3|p=0.003|r=30|R|k=1|rounds=0 ler=8.428e-02 (445/5280) 1.02s
[210/234] SC3|p=0.001|r=1|MEM|k=0|rounds=0 ler=2.119e-03 (428/202000) 2.81s
[211/234] SC3|p=0.001|r=1|MEM|k=0|rounds=12 ler=7.827e-03 (407/52000) 2.72s
[212/234] SC3|p=0.001|r=3|MEM|k=0|rounds=0 ler=1.988e-03 (406/204218) 3.05s
[213/234] SC3|p=0.001|r=10|MEM|k=0|rounds=0 ler=2.025e-03 (409/202000) 2.61s
[214/234] SC3|p=0.001|r=3|MEM|k=0|rounds=12 ler=7.110e-03 (407/57242) 2.92s
[215/234] SC3|p=0.001|r=10|MEM|k=0|rounds=12 ler=7.413e-03 (401/54096) 2.77s
[216/234] SC3|p=0.002|r=1|MEM|k=0|rounds=0 ler=7.769e-03 (404/52000) 1.06s
[217/234] SC3|p=0.003|r=30|R|k=8|rounds=0 ler=3.665e-01 (733/2000) 419.67s
[218/234] SC3|p=0.001|r=30|MEM|k=0|rounds=0 ler=2.015e-03 (404/200486) 2.59s
[219/234] SC3|p=0.001|r=30|MEM|k=0|rounds=12 ler=7.788e-03 (405/52000) 2.71s
[220/234] SC3|p=0.002|r=3|MEM|k=0|rounds=0 ler=7.390e-03 (415/56160) 1.09s
[221/234] SC3|p=0.002|r=1|MEM|k=0|rounds=12 ler=3.006e-02 (461/15337) 1.41s
[222/234] SC3|p=0.002|r=10|MEM|k=0|rounds=0 ler=7.585e-03 (402/53000) 1.06s
[223/234] SC3|p=0.002|r=30|MEM|k=0|rounds=0 ler=7.904e-03 (411/52000) 1.0s
[224/234] SC3|p=0.002|r=3|MEM|k=0|rounds=12 ler=2.861e-02 (488/17054) 1.48s
[225/234] SC3|p=0.002|r=10|MEM|k=0|rounds=12 ler=2.936e-02 (601/20469) 1.81s
[226/234] SC3|p=0.003|r=1|MEM|k=0|rounds=0 ler=1.892e-02 (719/38000) 1.01s
[227/234] SC3|p=0.003|r=1|MEM|k=0|rounds=12 ler=6.064e-02 (427/7041) 0.98s
[228/234] SC3|p=0.003|r=3|MEM|k=0|rounds=0 ler=1.600e-02 (459/28690) 0.78s
[229/234] SC3|p=0.002|r=30|MEM|k=0|rounds=12 ler=2.730e-02 (503/18423) 1.61s
[230/234] SC3|p=0.003|r=10|MEM|k=0|rounds=0 ler=1.717e-02 (427/24863) 0.67s
[231/234] SC3|p=0.003|r=3|MEM|k=0|rounds=12 ler=6.000e-02 (456/7600) 1.1s
[232/234] SC3|p=0.003|r=10|MEM|k=0|rounds=12 ler=6.272e-02 (431/6872) 0.98s
[233/234] SC3|p=0.003|r=30|MEM|k=0|rounds=0 ler=1.672e-02 (662/39600) 1.11s
[234/234] SC3|p=0.003|r=30|MEM|k=0|rounds=12 ler=6.372e-02 (431/6764) 0.9s
