qft_n29: 464s (10 rows)
qft_n32: 464s (10 rows)
qpeexact_n24: 462s (10 rows)
ae_n24: 463s (10 rows)
bigadder_n18: 6s (10 rows)
adder_n28: 60s (10 rows)
vbe_adder_n22: 117s (10 rows)
cdkm_adder_n24: 374s (10 rows)
draper_adder_n24: 462s (10 rows)
modular_adder_n16: 461s (10 rows)
rg_qft_multiplier_n16: 467s (10 rows)
multiplier_n15: 446s (10 rows)
ising_n34: 1s (10 rows)
ising_n26: 1s (10 rows)
square_root_n18: 468s (10 rows)
vqe_uccsd_n8: 491s (10 rows)
qec9xz_n17: 40s (10 rows)
steane_code_n26: 0s (10 rows)
qaoa_n24: 462s (10 rows)
swap_test_n25: 401s (10 rows)
knn_n25: 398s (10 rows)
