qpeexact_n24: 1470s (18 rows)
ae_n24: 1472s (18 rows)
bigadder_n18: 7s (18 rows)
qft_n29: 1507s (18 rows)
qft_n32: 1508s (18 rows)
adder_n28: 117s (18 rows)
vbe_adder_n22: 469s (18 rows)
cdkm_adder_n24: 959s (18 rows)
draper_adder_n24: 1444s (18 rows)
modular_adder_n16: 1383s (18 rows)
ising_n34: 1s (18 rows)
ising_n26: 1s (18 rows)
rg_qft_multiplier_n16: 1455s (18 rows)
multiplier_n15: 1189s (18 rows)
qec9xz_n17: 189s (18 rows)
steane_code_n26: 0s (18 rows)
square_root_n18: 1399s (18 rows)
vqe_uccsd_n8: 1508s (18 rows)
swap_test_n25: 1012s (18 rows)
qaoa_n24: 1444s (18 rows)
knn_n25: 1013s (18 rows)
